// Jest Snapshot v1, https://goo.gl/fbAQLP

exports[`Footer component component matches snapshot 1`] = `
<styled.div>
  <styled.div>
    <styled.div>
      <styled.div>
        <CheckoutLogo />
      </styled.div>
    </styled.div>
    <FooterLinkList
      links={
        Array [
          Object {
            "items": Array [
              Object {
                "link_href": Array [
                  Object {
                    "spans": Array [],
                    "text": "/solutions",
                    "type": "paragraph",
                  },
                ],
                "link_name": Array [
                  Object {
                    "spans": Array [],
                    "text": "Solution overview",
                    "type": "paragraph",
                  },
                ],
              },
              Object {
                "link_href": Array [
                  Object {
                    "spans": Array [],
                    "text": "/solutions/unified-api",
                    "type": "paragraph",
                  },
                ],
                "link_name": Array [
                  Object {
                    "spans": Array [],
                    "text": "Unified payments platform",
                    "type": "paragraph",
                  },
                ],
              },
              Object {
                "link_href": Array [
                  Object {
                    "spans": Array [],
                    "text": "/solutions/international-coverage",
                    "type": "paragraph",
                  },
                ],
                "link_name": Array [
                  Object {
                    "spans": Array [],
                    "text": "International Coverage",
                    "type": "paragraph",
                  },
                ],
              },
              Object {
                "link_href": Array [
                  Object {
                    "spans": Array [],
                    "text": "/solutions/data-and-reporting",
                    "type": "paragraph",
                  },
                ],
                "link_name": Array [
                  Object {
                    "spans": Array [],
                    "text": "Data and Reporting",
                    "type": "paragraph",
                  },
                ],
              },
              Object {
                "link_href": Array [
                  Object {
                    "spans": Array [],
                    "text": "/solutions/integration",
                    "type": "paragraph",
                  },
                ],
                "link_name": Array [
                  Object {
                    "spans": Array [],
                    "text": "Integrations",
                    "type": "paragraph",
                  },
                ],
              },
              Object {
                "link_href": Array [
                  Object {
                    "spans": Array [],
                    "text": "/solutions/fraud",
                    "type": "paragraph",
                  },
                ],
                "link_name": Array [
                  Object {
                    "spans": Array [],
                    "text": "Fraud protection",
                    "type": "paragraph",
                  },
                ],
              },
              Object {
                "link_href": Array [
                  Object {
                    "spans": Array [],
                    "text": "/payment-methods",
                    "type": "paragraph",
                  },
                ],
                "link_name": Array [
                  Object {
                    "spans": Array [],
                    "text": "Payment methods",
                    "type": "paragraph",
                  },
                ],
              },
              Object {
                "link_href": Array [
                  Object {
                    "spans": Array [],
                    "text": "/pricing",
                    "type": "paragraph",
                  },
                ],
                "link_name": Array [
                  Object {
                    "spans": Array [],
                    "text": "Pricing",
                    "type": "paragraph",
                  },
                ],
              },
              Object {
                "link_href": Array [
                  Object {
                    "spans": Array [],
                    "text": "/partners",
                    "type": "paragraph",
                  },
                ],
                "link_name": Array [
                  Object {
                    "spans": Array [],
                    "text": "Partners",
                    "type": "paragraph",
                  },
                ],
              },
            ],
            "primary": Object {
              "title": Array [
                Object {
                  "spans": Array [],
                  "text": "Solution",
                  "type": "heading2",
                },
              ],
            },
            "slice_label": null,
            "slice_type": "links_section",
          },
          Object {
            "items": Array [
              Object {
                "link_href": Array [
                  Object {
                    "spans": Array [],
                    "text": "/about-us",
                    "type": "paragraph",
                  },
                ],
                "link_name": Array [
                  Object {
                    "spans": Array [],
                    "text": "About us",
                    "type": "paragraph",
                  },
                ],
              },
              Object {
                "link_href": Array [
                  Object {
                    "spans": Array [],
                    "text": "/careers",
                    "type": "paragraph",
                  },
                ],
                "link_name": Array [
                  Object {
                    "spans": Array [],
                    "text": "Careers",
                    "type": "paragraph",
                  },
                ],
              },
              Object {
                "link_href": Array [
                  Object {
                    "spans": Array [],
                    "text": "/newsroom",
                    "type": "paragraph",
                  },
                ],
                "link_name": Array [
                  Object {
                    "spans": Array [],
                    "text": "Newsroom",
                    "type": "paragraph",
                  },
                ],
              },
              Object {
                "link_href": Array [
                  Object {
                    "spans": Array [],
                    "text": "/contact-us",
                    "type": "paragraph",
                  },
                ],
                "link_name": Array [
                  Object {
                    "spans": Array [],
                    "text": "Contact us",
                    "type": "paragraph",
                  },
                ],
              },
              Object {
                "link_href": Array [
                  Object {
                    "spans": Array [],
                    "text": "/partners/join",
                    "type": "paragraph",
                  },
                ],
                "link_name": Array [
                  Object {
                    "spans": Array [],
                    "text": "Become a partner",
                    "type": "paragraph",
                  },
                ],
              },
            ],
            "primary": Object {
              "title": Array [
                Object {
                  "spans": Array [],
                  "text": "Company",
                  "type": "heading2",
                },
              ],
            },
            "slice_label": null,
            "slice_type": "links_section",
          },
          Object {
            "items": Array [
              Object {
                "link_href": Array [
                  Object {
                    "spans": Array [],
                    "text": "/blog",
                    "type": "paragraph",
                  },
                ],
                "link_name": Array [
                  Object {
                    "spans": Array [],
                    "text": "Blog",
                    "type": "paragraph",
                  },
                ],
              },
              Object {
                "link_href": Array [
                  Object {
                    "spans": Array [],
                    "text": "/case-studies",
                    "type": "paragraph",
                  },
                ],
                "link_name": Array [
                  Object {
                    "spans": Array [],
                    "text": "Customer stories",
                    "type": "paragraph",
                  },
                ],
              },
            ],
            "primary": Object {
              "title": Array [
                Object {
                  "spans": Array [],
                  "text": "Insights",
                  "type": "heading2",
                },
              ],
            },
            "slice_label": null,
            "slice_type": "links_section",
          },
          Object {
            "items": Array [
              Object {
                "link_href": Array [
                  Object {
                    "spans": Array [],
                    "text": "https://docs.checkout.com/",
                    "type": "paragraph",
                  },
                ],
                "link_name": Array [
                  Object {
                    "spans": Array [],
                    "text": "Documentation",
                    "type": "paragraph",
                  },
                ],
              },
              Object {
                "link_href": Array [
                  Object {
                    "spans": Array [],
                    "text": "https://api-reference.checkout.com/",
                    "type": "paragraph",
                  },
                ],
                "link_name": Array [
                  Object {
                    "spans": Array [],
                    "text": "API Reference",
                    "type": "paragraph",
                  },
                ],
              },
              Object {
                "link_href": Array [
                  Object {
                    "spans": Array [],
                    "text": "mailto:support@checkout.com",
                    "type": "paragraph",
                  },
                ],
                "link_name": Array [
                  Object {
                    "spans": Array [],
                    "text": "Support",
                    "type": "paragraph",
                  },
                ],
              },
            ],
            "primary": Object {
              "title": Array [
                Object {
                  "spans": Array [],
                  "text": "Resources",
                  "type": "heading2",
                },
              ],
            },
            "slice_label": null,
            "slice_type": "links_section",
          },
        ]
      }
    />
    <styled.div />
    <SubFooter />
  </styled.div>
</styled.div>
`;
